// Jest Snapshot v1, https://goo.gl/fbAQLP

exports[`renders correctly 1`] = `
<DocumentFragment>
  <div
    class="sc-AykKC gEflfA"
  >
    77
  </div>
</DocumentFragment>
`;

exports[`renders correctly from state 1`] = `
<DocumentFragment>
  <div
    class="sc-AykKC gEflfA"
  >
    77
  </div>
</DocumentFragment>
`;
